// Jest Snapshot v1, https://goo.gl/fbAQLP

exports[`NavBar: Navigation Component should render NavBar correctly when logged out 1`] = `
<div
  className="links"
>
  <NavLink
    activeClassName="activeNavLink"
    ariaCurrent="true"
    key="Login"
    to="/login"
  >
    Login
  </NavLink>
  <NavLink
    activeClassName="activeNavLink"
    ariaCurrent="true"
    key="Signup"
    to="/signup"
  >
    Signup
  </NavLink>
</div>
`;
