// Jest Snapshot v1, https://goo.gl/fbAQLP

exports[`Signup Component it should render Signup form correctly 1`] = `
<main
  className="signup-bg"
>
  <form
    className="form-wrapper"
    onSubmit={[Function]}
  >
    <h2
      className="center"
    >
      Sign up
    </h2>
    <div>
      <input
        className="form-control"
        name="firstname"
        onChange={[Function]}
        placeholder="First Name"
        type="text"
        value=""
      />
    </div>
    <div>
      <input
        className="form-control"
        name="lastname"
        onChange={[Function]}
        placeholder="Last Name"
        type="text"
        value=""
      />
    </div>
    <div>
      <input
        className="form-control"
        name="username"
        onChange={[Function]}
        placeholder="Preferred username"
        type="text"
        value=""
      />
    </div>
    <div>
      <input
        className="form-control"
        name="email"
        onChange={[Function]}
        placeholder="Email"
        type="email"
        value=""
      />
    </div>
    <div>
      <input
        className="form-control"
        name="password"
        onChange={[Function]}
        placeholder="Password"
        type="password"
        value=""
      />
    </div>
    <div>
      <input
        className="form-control"
        name="confirmPassword"
        onChange={[Function]}
        placeholder="Confirm password"
        type="password"
        value=""
      />
    </div>
    <div>
      <input
        className="btn-control loginsubmitBtn"
        type="submit"
        value="Submit"
      />
    </div>
    <div
      className="right formText"
    >
      <p>
        Already have an account? 
        <Link
          replace={false}
          to="/login"
        >
          Log In
        </Link>
         
      </p>
    </div>
  </form>
</main>
`;

exports[`Signup Component should map state to props 1`] = `
Object {
  "authLoading": true,
  "isLoggedIn": false,
}
`;
